raffa@Notebook MINGW64 ~/Dropbox/@CURSOS/BOOTCAMP SANTANDER/desafio - git github/DesafioDio (main)
$ git status
On branch main
Your branch is up to date with 'origin/main'.

nothing to commit, working tree clean

raffa@Notebook MINGW64 ~/Dropbox/@CURSOS/BOOTCAMP SANTANDER/desafio - git github/DesafioDio (main)
$ git status
On branch main
Your branch is up to date with 'origin/main'.

Untracked files:
(use "git add <file>..." to include in what will be committed)
dicas.md

nothing added to commit but untracked files present (use "git add" to track)

raffa@Notebook MINGW64 ~/Dropbox/@CURSOS/BOOTCAMP SANTANDER/desafio - git github/DesafioDio (main)
$ git init
Reinitialized existing Git repository in C:/Users/raffa/Dropbox/@CURSOS/BOOTCAMP SANTANDER/desafio - git github/DesafioDio/.git/

raffa@Notebook MINGW64 ~/Dropbox/@CURSOS/BOOTCAMP SANTANDER/desafio - git github/DesafioDio (main)
$ git add \*

raffa@Notebook MINGW64 ~/Dropbox/@CURSOS/BOOTCAMP SANTANDER/desafio - git github/DesafioDio (main)
$ git commit -m "Primeira alteração através da máquina local"
[main 3380cde] Primeira alteração através da máquina local
1 file changed, 21 insertions(+)
create mode 100644 dicas.md

raffa@Notebook MINGW64 ~/Dropbox/@CURSOS/BOOTCAMP SANTANDER/desafio - git github/DesafioDio (main)
$ git status
On branch main
Your branch is ahead of 'origin/main' by 1 commit.
(use "git push" to publish your local commits)

Changes not staged for commit:
(use "git add <file>..." to update what will be committed)
(use "git restore <file>..." to discard changes in working directory)
modified: dicas.md

no changes added to commit (use "git add" and/or "git commit -a")

raffa@Notebook MINGW64 ~/Dropbox/@CURSOS/BOOTCAMP SANTANDER/desafio - git github/DesafioDio (main)
$ git push origin main
Enter passphrase for key '/c/Users/raffa/.ssh/id_ed25519':
Enumerating objects: 4, done.
Counting objects: 100% (4/4), done.
Delta compression using up to 4 threads
Compressing objects: 100% (3/3), done.
Writing objects: 100% (3/3), 427 bytes | 106.00 KiB/s, done.
Total 3 (delta 0), reused 0 (delta 0), pack-reused 0
To github.com:RaffaelMiguell/DesafioDio.git
2c7f5eb..3380cde main -> main

raffa@Notebook MINGW64 ~/Dropbox/@CURSOS/BOOTCAMP SANTANDER/desafio - git github/DesafioDio (main)
$
